#
# There is insufficient memory for the Java Runtime Environment to continue.
# Native memory allocation (mmap) failed to map 2097152 bytes for G1 virtual space
# Possible reasons:
#   The system is out of physical RAM or swap space
#   The process is running with CompressedOops enabled, and the Java Heap may be blocking the growth of the native heap
# Possible solutions:
#   Reduce memory load on the system
#   Increase physical memory or swap space
#   Check if swap backing store is full
#   Decrease Java heap size (-Xmx/-Xms)
#   Decrease number of Java threads
#   Decrease Java thread stack sizes (-Xss)
#   Set larger code cache with -XX:ReservedCodeCacheSize=
#   JVM is running with Zero Based Compressed Oops mode in which the Java heap is
#     placed in the first 32GB address space. The Java Heap base address is the
#     maximum limit for the native heap growth. Please use -XX:HeapBaseMinAddress
#     to set the Java Heap base and to place the Java Heap above 32GB virtual address.
# This output file may be truncated or incomplete.
#
#  Out of Memory Error (os_windows.cpp:3603), pid=53304, tid=46704
#
# JRE version: Java(TM) SE Runtime Environment (21.0.6+8) (build 21.0.6+8-LTS-188)
# Java VM: Java HotSpot(TM) 64-Bit Server VM (21.0.6+8-LTS-188, mixed mode, sharing, tiered, compressed oops, compressed class ptrs, g1 gc, windows-amd64)
# No core dump will be written. Minidumps are not enabled by default on client versions of Windows
#

---------------  S U M M A R Y ------------

Command Line: -javaagent:C:\Program Files\JetBrains\IntelliJ IDEA 2025.2.2\lib\idea_rt.jar=52927 -Dfile.encoding=UTF-8 -Dsun.stdout.encoding=UTF-8 -Dsun.stderr.encoding=UTF-8 com.fileupload.fileproject.FileprojectApplication

Host: 11th Gen Intel(R) Core(TM) i5-1135G7 @ 2.40GHz, 8 cores, 11G,  Windows 11 , 64 bit Build 26100 (10.0.26100.8521)
Time: Sun Jun 21 16:49:29 2026 India Standard Time elapsed time: 21.794719 seconds (0d 0h 0m 21s)

---------------  T H R E A D  ---------------

Current thread (0x0000022316568f70):  WorkerThread "GC Thread#6"    [id=46704, stack(0x00000034d0600000,0x00000034d0700000) (1024K)]

Stack: [0x00000034d0600000,0x00000034d0700000]
Native frames: (J=compiled Java code, j=interpreted, Vv=VM code, C=native code)
V  [jvm.dll+0x6ca6d9]
V  [jvm.dll+0x854f51]
V  [jvm.dll+0x85747e]
V  [jvm.dll+0x857b53]
V  [jvm.dll+0x27dcc6]
V  [jvm.dll+0x6c6e55]
V  [jvm.dll+0x6bb9da]
V  [jvm.dll+0x35393a]
V  [jvm.dll+0x35b596]
V  [jvm.dll+0x3adbfb]
V  [jvm.dll+0x3ae294]
V  [jvm.dll+0x3ae35d]
V  [jvm.dll+0x3292ec]
V  [jvm.dll+0x329045]
V  [jvm.dll+0x317f66]
V  [jvm.dll+0x318d9a]
V  [jvm.dll+0x319218]
V  [jvm.dll+0x318c01]
V  [jvm.dll+0x3557a6]
V  [jvm.dll+0x355b13]
V  [jvm.dll+0x356c73]
V  [jvm.dll+0x3568ee]
V  [jvm.dll+0x36b5e9]
V  [jvm.dll+0x36bcaa]
V  [jvm.dll+0x36bd97]
V  [jvm.dll+0x36cc2b]
V  [jvm.dll+0x882ce7]
V  [jvm.dll+0x7ff2fb]
V  [jvm.dll+0x6c8dbd]
C  [ucrtbase.dll+0x2cd30]
C  [KERNEL32.DLL+0x2e957]
C  [ntdll.dll+0x87c1c]


---------------  P R O C E S S  ---------------

Threads class SMR info:
_java_thread_list=0x0000022319e5cf40, length=21, elements={
0x00000222b01e3060, 0x00000222d017e050, 0x00000222d0180ba0, 0x00000222d0185cf0,
0x00000222d0186cc0, 0x00000222d018af60, 0x00000222d018baa0, 0x00000222d0192360,
0x00000222d019b020, 0x00000222d03bd590, 0x00000222d07e2b30, 0x00000222d0638dc0,
0x0000022316679af0, 0x00000223166a6050, 0x0000022317c3ab20, 0x0000022318d44280,
0x0000022318d42840, 0x0000022318d41490, 0x0000022318d421b0, 0x000002231aeaa8a0,
0x0000022316aedc60
}

Java Threads: ( => current thread )
  0x00000222b01e3060 JavaThread "main"                              [_thread_blocked, id=38384, stack(0x00000034ceb00000,0x00000034cec00000) (1024K)]
  0x00000222d017e050 JavaThread "Reference Handler"          daemon [_thread_blocked, id=8448, stack(0x00000034cf300000,0x00000034cf400000) (1024K)]
  0x00000222d0180ba0 JavaThread "Finalizer"                  daemon [_thread_blocked, id=46540, stack(0x00000034cf400000,0x00000034cf500000) (1024K)]
  0x00000222d0185cf0 JavaThread "Signal Dispatcher"          daemon [_thread_blocked, id=26660, stack(0x00000034cf500000,0x00000034cf600000) (1024K)]
  0x00000222d0186cc0 JavaThread "Attach Listener"            daemon [_thread_blocked, id=53360, stack(0x00000034cf600000,0x00000034cf700000) (1024K)]
  0x00000222d018af60 JavaThread "Service Thread"             daemon [_thread_blocked, id=39012, stack(0x00000034cf700000,0x00000034cf800000) (1024K)]
  0x00000222d018baa0 JavaThread "Monitor Deflation Thread"   daemon [_thread_blocked, id=41644, stack(0x00000034cf800000,0x00000034cf900000) (1024K)]
  0x00000222d0192360 JavaThread "C2 CompilerThread0"         daemon [_thread_blocked, id=35520, stack(0x00000034cf900000,0x00000034cfa00000) (1024K)]
  0x00000222d019b020 JavaThread "C1 CompilerThread0"         daemon [_thread_blocked, id=42088, stack(0x00000034cfa00000,0x00000034cfb00000) (1024K)]
  0x00000222d03bd590 JavaThread "Common-Cleaner"             daemon [_thread_blocked, id=45708, stack(0x00000034cfb00000,0x00000034cfc00000) (1024K)]
  0x00000222d07e2b30 JavaThread "Monitor Ctrl-Break"         daemon [_thread_in_native, id=42072, stack(0x00000034cfc00000,0x00000034cfd00000) (1024K)]
  0x00000222d0638dc0 JavaThread "Notification Thread"        daemon [_thread_blocked, id=33172, stack(0x00000034cfd00000,0x00000034cfe00000) (1024K)]
  0x0000022316679af0 JavaThread "Thread-0"                          [_thread_blocked, id=43128, stack(0x00000034d0400000,0x00000034d0500000) (1024K)]
  0x00000223166a6050 JavaThread "restartedMain"                     [_thread_blocked, id=8264, stack(0x00000034d0500000,0x00000034d0600000) (1024K)]
  0x0000022317c3ab20 JavaThread "Catalina-utility-1"                [_thread_blocked, id=37936, stack(0x00000034d0a00000,0x00000034d0b00000) (1024K)]
  0x0000022318d44280 JavaThread "Catalina-utility-2"                [_thread_blocked, id=36668, stack(0x00000034d0b00000,0x00000034d0c00000) (1024K)]
  0x0000022318d42840 JavaThread "container-0"                       [_thread_blocked, id=21916, stack(0x00000034d0c00000,0x00000034d0d00000) (1024K)]
  0x0000022318d41490 JavaThread "mysql-cj-abandoned-connection-cleanup" daemon [_thread_blocked, id=39304, stack(0x00000034d0d00000,0x00000034d0e00000) (1024K)]
  0x0000022318d421b0 JavaThread "HikariPool-1:housekeeper"   daemon [_thread_blocked, id=7640, stack(0x00000034d0700000,0x00000034d0800000) (1024K)]
  0x000002231aeaa8a0 JavaThread "C2 CompilerThread1"         daemon [_thread_blocked, id=36972, stack(0x00000034d0e00000,0x00000034d0f00000) (1024K)]
  0x0000022316aedc60 JavaThread "C2 CompilerThread2"         daemon [_thread_blocked, id=41836, stack(0x00000034d0f00000,0x00000034d1000000) (1024K)]
Total: 21

Other Threads:
  0x00000222d01675b0 VMThread "VM Thread"                           [id=29104, stack(0x00000034cf200000,0x00000034cf300000) (1024K)]
  0x00000222d0154230 WatcherThread "VM Periodic Task Thread"        [id=1632, stack(0x00000034cf100000,0x00000034cf200000) (1024K)]
  0x00000222b253c980 WorkerThread "GC Thread#0"                     [id=8060, stack(0x00000034cec00000,0x00000034ced00000) (1024K)]
  0x00000222d0bed000 WorkerThread "GC Thread#1"                     [id=43892, stack(0x00000034cff00000,0x00000034d0000000) (1024K)]
  0x0000022316844010 WorkerThread "GC Thread#2"                     [id=40112, stack(0x00000034d0000000,0x00000034d0100000) (1024K)]
  0x00000223168443b0 WorkerThread "GC Thread#3"                     [id=25960, stack(0x00000034d0100000,0x00000034d0200000) (1024K)]
  0x00000222d0ba6ff0 WorkerThread "GC Thread#4"                     [id=53208, stack(0x00000034d0200000,0x00000034d0300000) (1024K)]
  0x00000223168f6fe0 WorkerThread "GC Thread#5"                     [id=43012, stack(0x00000034d0300000,0x00000034d0400000) (1024K)]
=>0x0000022316568f70 WorkerThread "GC Thread#6"                     [id=46704, stack(0x00000034d0600000,0x00000034d0700000) (1024K)]
  0x00000223174e4f60 WorkerThread "GC Thread#7"                     [id=30604, stack(0x00000034d0800000,0x00000034d0900000) (1024K)]
  0x00000222b254abb0 ConcurrentGCThread "G1 Main Marker"            [id=33184, stack(0x00000034ced00000,0x00000034cee00000) (1024K)]
  0x00000222b254be50 WorkerThread "G1 Conc#0"                       [id=36472, stack(0x00000034cee00000,0x00000034cef00000) (1024K)]
  0x00000223174e5300 WorkerThread "G1 Conc#1"                       [id=50884, stack(0x00000034cfe00000,0x00000034cff00000) (1024K)]
  0x00000222d001b230 ConcurrentGCThread "G1 Refine#0"               [id=21836, stack(0x00000034cef00000,0x00000034cf000000) (1024K)]
  0x00000222d001cc50 ConcurrentGCThread "G1 Service"                [id=28616, stack(0x00000034cf000000,0x00000034cf100000) (1024K)]
Total: 15

Threads with active compile tasks:
C2 CompilerThread0    21831 7203       4       org.antlr.v4.runtime.atn.PredictionContext::mergeArrays (809 bytes)
C2 CompilerThread1    21831 7204       4       org.antlr.v4.runtime.atn.PredictionContext::mergeSingletons (392 bytes)
C2 CompilerThread2    21831 7201       4       org.antlr.v4.runtime.misc.DoubleKeyMap::put (71 bytes)
Total: 3

VM state: at safepoint (normal execution)

VM Mutex/Monitor currently owned by a thread:  ([mutex/lock_event])
[0x00007ffc730fb918] FreeList_lock - owner thread: 0x0000022316568f70
[0x00007ffc730fde98] Threads_lock - owner thread: 0x00000222d01675b0
[0x00007ffc730fdf98] Heap_lock - owner thread: 0x00000223166a6050

Heap address: 0x0000000744400000, size: 3004 MB, Compressed Oops mode: Zero based, Oop shift amount: 3

CDS archive(s) mapped at: [0x00000222d1000000-0x00000222d1c90000-0x00000222d1c90000), size 13172736, SharedBaseAddress: 0x00000222d1000000, ArchiveRelocationMode: 1.
Compressed class space mapped at: 0x00000222d2000000-0x0000022312000000, reserved size: 1073741824
Narrow klass base: 0x00000222d1000000, Narrow klass shift: 0, Narrow klass range: 0x100000000

GC Precious Log:
 CardTable entry size: 512
 Card Set container configuration: InlinePtr #cards 4 size 8 Array Of Cards #cards 16 size 48 Howl #buckets 8 coarsen threshold 3686 Howl Bitmap #cards 512 size 80 coarsen threshold 460 Card regions per heap region 1 cards per card region 4096
 CPUs: 8 total, 8 available
 Memory: 12010M
 Large Page Support: Disabled
 NUMA Support: Disabled
 Compressed Oops: Enabled (Zero based)
 Heap Region Size: 2M
 Heap Min Capacity: 8M
 Heap Initial Capacity: 188M
 Heap Max Capacity: 3004M
 Pre-touch: Disabled
 Parallel Workers: 8
 Concurrent Workers: 2
 Concurrent Refinement Workers: 8
 Periodic GC: Disabled

Heap:
 garbage-first heap   total 81920K, used 70815K [0x0000000744400000, 0x0000000800000000)
  region size 2048K, 16 young (32768K), 2 survivors (4096K)
 Metaspace       used 68720K, committed 69504K, reserved 1114112K
  class space    used 9450K, committed 9792K, reserved 1048576K

Heap Regions: E=young(eden), S=young(survivor), O=old, HS=humongous(starts), HC=humongous(continues), CS=collection set, F=free, TAMS=top-at-mark-start, PB=parsable bottom
|   0|0x0000000744400000, 0x0000000744600000, 0x0000000744600000|100%| O|  |TAMS 0x0000000744400000| PB 0x0000000744400000| Untracked 
|   1|0x0000000744600000, 0x0000000744800000, 0x0000000744800000|100%| O|  |TAMS 0x0000000744600000| PB 0x0000000744600000| Untracked 
|   2|0x0000000744800000, 0x0000000744a00000, 0x0000000744a00000|100%| O|  |TAMS 0x0000000744800000| PB 0x0000000744800000| Untracked 
|   3|0x0000000744a00000, 0x0000000744c00000, 0x0000000744c00000|100%| O|  |TAMS 0x0000000744a00000| PB 0x0000000744a00000| Untracked 
|   4|0x0000000744c00000, 0x0000000744e00000, 0x0000000744e00000|100%| O|  |TAMS 0x0000000744c00000| PB 0x0000000744c00000| Untracked 
|   5|0x0000000744e00000, 0x0000000745000000, 0x0000000745000000|100%| O|  |TAMS 0x0000000744e00000| PB 0x0000000744e00000| Untracked 
|   6|0x0000000745000000, 0x0000000745200000, 0x0000000745200000|100%| O|  |TAMS 0x0000000745000000| PB 0x0000000745000000| Untracked 
|   7|0x0000000745200000, 0x0000000745400000, 0x0000000745400000|100%| O|  |TAMS 0x0000000745200000| PB 0x0000000745200000| Untracked 
|   8|0x0000000745400000, 0x0000000745600000, 0x0000000745600000|100%| O|  |TAMS 0x0000000745400000| PB 0x0000000745400000| Untracked 
|   9|0x0000000745600000, 0x0000000745800000, 0x0000000745800000|100%| O|  |TAMS 0x0000000745600000| PB 0x0000000745600000| Untracked 
|  10|0x0000000745800000, 0x0000000745a00000, 0x0000000745a00000|100%| O|  |TAMS 0x0000000745800000| PB 0x0000000745800000| Untracked 
|  11|0x0000000745a00000, 0x0000000745c00000, 0x0000000745c00000|100%| O|  |TAMS 0x0000000745a00000| PB 0x0000000745a00000| Untracked 
|  12|0x0000000745c00000, 0x0000000745e00000, 0x0000000745e00000|100%| O|  |TAMS 0x0000000745c00000| PB 0x0000000745c00000| Untracked 
|  13|0x0000000745e00000, 0x0000000746000000, 0x0000000746000000|100%| O|  |TAMS 0x0000000745e00000| PB 0x0000000745e00000| Untracked 
|  14|0x0000000746000000, 0x0000000746200000, 0x0000000746200000|100%| O|  |TAMS 0x0000000746000000| PB 0x0000000746000000| Untracked 
|  15|0x0000000746200000, 0x0000000746400000, 0x0000000746400000|100%| O|  |TAMS 0x0000000746200000| PB 0x0000000746200000| Untracked 
|  16|0x0000000746400000, 0x0000000746600000, 0x0000000746600000|100%| O|  |TAMS 0x0000000746400000| PB 0x0000000746400000| Untracked 
|  17|0x0000000746600000, 0x0000000746800000, 0x0000000746800000|100%| O|  |TAMS 0x0000000746600000| PB 0x0000000746600000| Untracked 
|  18|0x0000000746800000, 0x0000000746a00000, 0x0000000746a00000|100%| O|  |TAMS 0x0000000746800000| PB 0x0000000746800000| Untracked 
|  19|0x0000000746a00000, 0x0000000746b628e8, 0x0000000746c00000| 69%| O|  |TAMS 0x0000000746a00000| PB 0x0000000746a00000| Untracked 
|  20|0x0000000746c00000, 0x0000000746e00000, 0x0000000746e00000|100%| S|  |TAMS 0x0000000746c00000| PB 0x0000000746c00000| Complete 
|  21|0x0000000746e00000, 0x0000000747000000, 0x0000000747000000|100%| S|  |TAMS 0x0000000746e00000| PB 0x0000000746e00000| Complete 
|  22|0x0000000747000000, 0x0000000747200000, 0x0000000747200000|100%| E|CS|TAMS 0x0000000747000000| PB 0x0000000747000000| Complete 
|  23|0x0000000747200000, 0x0000000747400000, 0x0000000747400000|100%| E|CS|TAMS 0x0000000747200000| PB 0x0000000747200000| Complete 
|  24|0x0000000747400000, 0x0000000747600000, 0x0000000747600000|100%| E|CS|TAMS 0x0000000747400000| PB 0x0000000747400000| Complete 
|  25|0x0000000747600000, 0x0000000747800000, 0x0000000747800000|100%| E|CS|TAMS 0x0000000747600000| PB 0x0000000747600000| Complete 
|  26|0x0000000747800000, 0x0000000747a00000, 0x0000000747a00000|100%| E|CS|TAMS 0x0000000747800000| PB 0x0000000747800000| Complete 
|  27|0x0000000747a00000, 0x0000000747c00000, 0x0000000747c00000|100%| E|CS|TAMS 0x0000000747a00000| PB 0x0000000747a00000| Complete 
|  28|0x0000000747c00000, 0x0000000747e00000, 0x0000000747e00000|100%| E|CS|TAMS 0x0000000747c00000| PB 0x0000000747c00000| Complete 
|  29|0x0000000747e00000, 0x0000000748000000, 0x0000000748000000|100%| E|CS|TAMS 0x0000000747e00000| PB 0x0000000747e00000| Complete 
|  30|0x0000000748000000, 0x0000000748200000, 0x0000000748200000|100%| E|CS|TAMS 0x0000000748000000| PB 0x0000000748000000| Complete 
|  31|0x0000000748200000, 0x0000000748400000, 0x0000000748400000|100%| E|CS|TAMS 0x0000000748200000| PB 0x0000000748200000| Complete 
|  32|0x0000000748400000, 0x0000000748600000, 0x0000000748600000|100%| E|CS|TAMS 0x0000000748400000| PB 0x0000000748400000| Complete 
|  33|0x0000000748600000, 0x0000000748800000, 0x0000000748800000|100%| E|CS|TAMS 0x0000000748600000| PB 0x0000000748600000| Complete 
|  85|0x000000074ee00000, 0x000000074f000000, 0x000000074f000000|100%| E|CS|TAMS 0x000000074ee00000| PB 0x000000074ee00000| Complete 
|  86|0x000000074f000000, 0x000000074f200000, 0x000000074f200000|100%| E|CS|TAMS 0x000000074f000000| PB 0x000000074f000000| Complete 
|  87|0x000000074f200000, 0x000000074f400000, 0x000000074f400000|100%| E|CS|TAMS 0x000000074f200000| PB 0x000000074f200000| Complete 
|  88|0x000000074f400000, 0x000000074f600000, 0x000000074f600000|100%| E|CS|TAMS 0x000000074f400000| PB 0x000000074f400000| Complete 
|  93|0x000000074fe00000, 0x0000000750000000, 0x0000000750000000|100%| E|CS|TAMS 0x000000074fe00000| PB 0x000000074fe00000| Complete 
|1501|0x00000007ffe00000, 0x0000000800000000, 0x0000000800000000|100%| O|  |TAMS 0x00000007ffe00000| PB 0x00000007ffe00000| Untracked 

Card table byte_map: [0x00000222ca270000,0x00000222ca850000] _byte_map_base: 0x00000222c684e000

Marking Bits: (CMBitMap*) 0x00000222b253d890
 Bits: [0x00000222ca850000, 0x00000222cd740000)

Polling page: 0x00000222b0190000

Metaspace:

Usage:
  Non-class:     57.88 MB used.
      Class:      9.23 MB used.
       Both:     67.11 MB used.

Virtual space:
  Non-class space:       64.00 MB reserved,      58.31 MB ( 91%) committed,  1 nodes.
      Class space:        1.00 GB reserved,       9.56 MB ( <1%) committed,  1 nodes.
             Both:        1.06 GB reserved,      67.88 MB (  6%) committed. 

Chunk freelists:
   Non-Class:  4.92 MB
       Class:  6.33 MB
        Both:  11.25 MB

MaxMetaspaceSize: unlimited
CompressedClassSpaceSize: 1.00 GB
Initial GC threshold: 21.00 MB
Current GC threshold: 98.12 MB
CDS: on
 - commit_granule_bytes: 65536.
 - commit_granule_words: 8192.
 - virtual_space_node_default_size: 8388608.
 - enlarge_chunks_in_place: 1.
 - use_allocation_guard: 0.


Internal statistics:

num_allocs_failed_limit: 9.
num_arena_births: 924.
num_arena_deaths: 0.
num_vsnodes_births: 2.
num_vsnodes_deaths: 0.
num_space_committed: 1086.
num_space_uncommitted: 0.
num_chunks_returned_to_freelist: 9.
num_chunks_taken_from_freelist: 3435.
num_chunk_merges: 9.
num_chunk_splits: 2478.
num_chunks_enlarged: 1922.
num_inconsistent_stats: 0.

CodeHeap 'non-profiled nmethods': size=120000Kb used=4375Kb max_used=4375Kb free=115624Kb
 bounds [0x00000222c2430000, 0x00000222c2880000, 0x00000222c9960000]
CodeHeap 'profiled nmethods': size=120000Kb used=12345Kb max_used=12345Kb free=107654Kb
 bounds [0x00000222ba960000, 0x00000222bb580000, 0x00000222c1e90000]
CodeHeap 'non-nmethods': size=5760Kb used=1897Kb max_used=1942Kb free=3862Kb
 bounds [0x00000222c1e90000, 0x00000222c2100000, 0x00000222c2430000]
 total_blobs=7101 nmethods=6382 adapters=622
 compilation: enabled
              stopped_count=0, restarted_count=0
 full_count=0

Compilation events (20 events):
Event: 21.753 Thread 0x00000222d019b020 7209       3       org.antlr.v4.runtime.atn.LexerATNConfig::hashCode (80 bytes)
Event: 21.753 Thread 0x00000222d019b020 nmethod 7209 0x00000222bb569b10 code [0x00000222bb569d60, 0x00000222bb56a3a0]
Event: 21.753 Thread 0x00000222d019b020 7211       3       org.antlr.v4.runtime.atn.ParserATNSimulator::actionTransition (60 bytes)
Event: 21.754 Thread 0x00000222d019b020 nmethod 7211 0x00000222bb56a610 code [0x00000222bb56a880, 0x00000222bb56b040]
Event: 21.760 Thread 0x000002231aeaa8a0 nmethod 7189 0x00000222c286f310 code [0x00000222c286f7e0, 0x00000222c2872d50]
Event: 21.760 Thread 0x00000222d019b020 7214       3       org.antlr.v4.runtime.atn.LexerATNSimulator::getReachableConfigSet (210 bytes)
Event: 21.760 Thread 0x000002231aeaa8a0 7204       4       org.antlr.v4.runtime.atn.PredictionContext::mergeSingletons (392 bytes)
Event: 21.762 Thread 0x00000222d019b020 nmethod 7214 0x00000222bb56b410 code [0x00000222bb56b700, 0x00000222bb56ce60]
Event: 21.762 Thread 0x00000222d019b020 7217       3       org.antlr.v4.runtime.atn.ATNConfigSet::optimizeConfigs (71 bytes)
Event: 21.762 Thread 0x00000222d019b020 nmethod 7217 0x00000222bb56d610 code [0x00000222bb56d840, 0x00000222bb56e2d0]
Event: 21.762 Thread 0x00000222d019b020 7219       3       org.antlr.v4.runtime.atn.LexerATNConfig::<init> (29 bytes)
Event: 21.763 Thread 0x00000222d019b020 nmethod 7219 0x00000222bb56e610 code [0x00000222bb56e7e0, 0x00000222bb56ecf0]
Event: 21.763 Thread 0x00000222d019b020 7220 %     3       org.antlr.v4.runtime.misc.Array2DHashSet::expand @ 68 (247 bytes)
Event: 21.764 Thread 0x00000222d019b020 nmethod 7220% 0x00000222bb56ee90 code [0x00000222bb56f140, 0x00000222bb570180]
Event: 21.771 Thread 0x00000222d019b020 7221       1       org.antlr.v4.runtime.atn.LexerATNSimulator::getCharPositionInLine (5 bytes)
Event: 21.771 Thread 0x00000222d019b020 nmethod 7221 0x00000222c2875410 code [0x00000222c28755a0, 0x00000222c2875668]
Event: 21.771 Thread 0x00000222d019b020 7222       1       org.antlr.v4.runtime.atn.LexerATNSimulator::getLine (5 bytes)
Event: 21.772 Thread 0x00000222d019b020 nmethod 7222 0x00000222c2875710 code [0x00000222c28758a0, 0x00000222c2875968]
Event: 21.772 Thread 0x00000222d019b020 7223       1       org.antlr.v4.runtime.CodePointCharStream::mark (2 bytes)
Event: 21.772 Thread 0x00000222d019b020 nmethod 7223 0x00000222c2875a10 code [0x00000222c2875ba0, 0x00000222c2875c68]

GC Heap History (20 events):
Event: 4.081 GC heap after
{Heap after GC invocations=4 (full 0):
 garbage-first heap   total 192512K, used 17646K [0x0000000744400000, 0x0000000800000000)
  region size 2048K, 4 young (8192K), 4 survivors (8192K)
 Metaspace       used 21177K, committed 21504K, reserved 1114112K
  class space    used 2531K, committed 2688K, reserved 1048576K
}
Event: 5.837 GC heap before
{Heap before GC invocations=5 (full 0):
 garbage-first heap   total 69632K, used 68846K [0x0000000744400000, 0x0000000800000000)
  region size 2048K, 29 young (59392K), 4 survivors (8192K)
 Metaspace       used 27899K, committed 28352K, reserved 1114112K
  class space    used 3513K, committed 3712K, reserved 1048576K
}
Event: 5.847 GC heap after
{Heap after GC invocations=6 (full 0):
 garbage-first heap   total 81920K, used 20786K [0x0000000744400000, 0x0000000800000000)
  region size 2048K, 5 young (10240K), 5 survivors (10240K)
 Metaspace       used 27899K, committed 28352K, reserved 1114112K
  class space    used 3513K, committed 3712K, reserved 1048576K
}
Event: 6.853 GC heap before
{Heap before GC invocations=6 (full 0):
 garbage-first heap   total 81920K, used 57650K [0x0000000744400000, 0x0000000800000000)
  region size 2048K, 24 young (49152K), 5 survivors (10240K)
 Metaspace       used 32528K, committed 33024K, reserved 1114112K
  class space    used 4110K, committed 4352K, reserved 1048576K
}
Event: 6.865 GC heap after
{Heap after GC invocations=7 (full 0):
 garbage-first heap   total 81920K, used 30399K [0x0000000744400000, 0x0000000800000000)
  region size 2048K, 3 young (6144K), 3 survivors (6144K)
 Metaspace       used 32528K, committed 33024K, reserved 1114112K
  class space    used 4110K, committed 4352K, reserved 1048576K
}
Event: 7.806 GC heap before
{Heap before GC invocations=7 (full 0):
 garbage-first heap   total 81920K, used 57023K [0x0000000744400000, 0x0000000800000000)
  region size 2048K, 18 young (36864K), 3 survivors (6144K)
 Metaspace       used 35456K, committed 35968K, reserved 1114112K
  class space    used 4476K, committed 4736K, reserved 1048576K
}
Event: 7.812 GC heap after
{Heap after GC invocations=8 (full 0):
 garbage-first heap   total 81920K, used 32973K [0x0000000744400000, 0x0000000800000000)
  region size 2048K, 2 young (4096K), 2 survivors (4096K)
 Metaspace       used 35456K, committed 35968K, reserved 1114112K
  class space    used 4476K, committed 4736K, reserved 1048576K
}
Event: 9.299 GC heap before
{Heap before GC invocations=9 (full 0):
 garbage-first heap   total 81920K, used 63693K [0x0000000744400000, 0x0000000800000000)
  region size 2048K, 17 young (34816K), 2 survivors (4096K)
 Metaspace       used 42579K, committed 43136K, reserved 1114112K
  class space    used 5558K, committed 5824K, reserved 1048576K
}
Event: 9.303 GC heap after
{Heap after GC invocations=10 (full 0):
 garbage-first heap   total 81920K, used 34101K [0x0000000744400000, 0x0000000800000000)
  region size 2048K, 2 young (4096K), 2 survivors (4096K)
 Metaspace       used 42579K, committed 43136K, reserved 1114112K
  class space    used 5558K, committed 5824K, reserved 1048576K
}
Event: 11.594 GC heap before
{Heap before GC invocations=10 (full 0):
 garbage-first heap   total 81920K, used 64821K [0x0000000744400000, 0x0000000800000000)
  region size 2048K, 18 young (36864K), 2 survivors (4096K)
 Metaspace       used 50349K, committed 50944K, reserved 1114112K
  class space    used 6522K, committed 6784K, reserved 1048576K
}
Event: 11.600 GC heap after
{Heap after GC invocations=11 (full 0):
 garbage-first heap   total 81920K, used 36026K [0x0000000744400000, 0x0000000800000000)
  region size 2048K, 3 young (6144K), 3 survivors (6144K)
 Metaspace       used 50349K, committed 50944K, reserved 1114112K
  class space    used 6522K, committed 6784K, reserved 1048576K
}
Event: 12.868 GC heap before
{Heap before GC invocations=11 (full 0):
 garbage-first heap   total 81920K, used 66746K [0x0000000744400000, 0x0000000800000000)
  region size 2048K, 18 young (36864K), 3 survivors (6144K)
 Metaspace       used 57649K, committed 58304K, reserved 1114112K
  class space    used 7637K, committed 7936K, reserved 1048576K
}
Event: 12.874 GC heap after
{Heap after GC invocations=12 (full 0):
 garbage-first heap   total 81920K, used 36864K [0x0000000744400000, 0x0000000800000000)
  region size 2048K, 2 young (4096K), 2 survivors (4096K)
 Metaspace       used 57649K, committed 58304K, reserved 1114112K
  class space    used 7637K, committed 7936K, reserved 1048576K
}
Event: 13.213 GC heap before
{Heap before GC invocations=12 (full 0):
 garbage-first heap   total 81920K, used 47104K [0x0000000744400000, 0x0000000800000000)
  region size 2048K, 8 young (16384K), 2 survivors (4096K)
 Metaspace       used 59521K, committed 60096K, reserved 1114112K
  class space    used 7885K, committed 8128K, reserved 1048576K
}
Event: 13.217 GC heap after
{Heap after GC invocations=13 (full 0):
 garbage-first heap   total 81920K, used 37495K [0x0000000744400000, 0x0000000800000000)
  region size 2048K, 1 young (2048K), 1 survivors (2048K)
 Metaspace       used 59521K, committed 60096K, reserved 1114112K
  class space    used 7885K, committed 8128K, reserved 1048576K
}
Event: 20.954 GC heap before
{Heap before GC invocations=14 (full 0):
 garbage-first heap   total 81920K, used 68215K [0x0000000744400000, 0x0000000800000000)
  region size 2048K, 17 young (34816K), 1 survivors (2048K)
 Metaspace       used 64626K, committed 65280K, reserved 1114112K
  class space    used 8631K, committed 8896K, reserved 1048576K
}
Event: 20.958 GC heap after
{Heap after GC invocations=15 (full 0):
 garbage-first heap   total 81920K, used 39926K [0x0000000744400000, 0x0000000800000000)
  region size 2048K, 3 young (6144K), 3 survivors (6144K)
 Metaspace       used 64626K, committed 65280K, reserved 1114112K
  class space    used 8631K, committed 8896K, reserved 1048576K
}
Event: 21.404 GC heap before
{Heap before GC invocations=15 (full 0):
 garbage-first heap   total 81920K, used 68598K [0x0000000744400000, 0x0000000800000000)
  region size 2048K, 17 young (34816K), 3 survivors (6144K)
 Metaspace       used 66896K, committed 67648K, reserved 1114112K
  class space    used 9073K, committed 9408K, reserved 1048576K
}
Event: 21.411 GC heap after
{Heap after GC invocations=16 (full 0):
 garbage-first heap   total 81920K, used 42143K [0x0000000744400000, 0x0000000800000000)
  region size 2048K, 3 young (6144K), 3 survivors (6144K)
 Metaspace       used 66896K, committed 67648K, reserved 1114112K
  class space    used 9073K, committed 9408K, reserved 1048576K
}
Event: 21.774 GC heap before
{Heap before GC invocations=16 (full 0):
 garbage-first heap   total 81920K, used 70815K [0x0000000744400000, 0x0000000800000000)
  region size 2048K, 17 young (34816K), 3 survivors (6144K)
 Metaspace       used 68720K, committed 69504K, reserved 1114112K
  class space    used 9450K, committed 9792K, reserved 1048576K
}

Dll operation events (13 events):
Event: 0.035 Loaded shared library C:\Program Files\Java\jdk-21\bin\java.dll
Event: 0.104 Loaded shared library C:\Program Files\Java\jdk-21\bin\jsvml.dll
Event: 0.313 Loaded shared library C:\Program Files\Java\jdk-21\bin\zip.dll
Event: 0.319 Loaded shared library C:\Program Files\Java\jdk-21\bin\instrument.dll
Event: 0.327 Loaded shared library C:\Program Files\Java\jdk-21\bin\net.dll
Event: 0.330 Loaded shared library C:\Program Files\Java\jdk-21\bin\nio.dll
Event: 0.335 Loaded shared library C:\Program Files\Java\jdk-21\bin\zip.dll
Event: 0.621 Loaded shared library C:\Program Files\Java\jdk-21\bin\extnet.dll
Event: 0.660 Loaded shared library C:\Program Files\Java\jdk-21\bin\verify.dll
Event: 0.698 Loaded shared library C:\Program Files\Java\jdk-21\bin\jimage.dll
Event: 1.084 Loaded shared library C:\Program Files\Java\jdk-21\bin\management.dll
Event: 1.090 Loaded shared library C:\Program Files\Java\jdk-21\bin\management_ext.dll
Event: 2.397 Loaded shared library C:\Program Files\Java\jdk-21\bin\sunmscapi.dll

Deoptimization events (20 events):
Event: 21.466 Thread 0x00000223166a6050 Uncommon trap: trap_request=0xffffffde fr.pc=0x00000222c2829258 relative=0x0000000000000118
Event: 21.466 Thread 0x00000223166a6050 Uncommon trap: reason=class_check action=maybe_recompile pc=0x00000222c2829258 method=org.antlr.v4.runtime.atn.SingletonPredictionContext.equals(Ljava/lang/Object;)Z @ 8 c2
Event: 21.466 Thread 0x00000223166a6050 DEOPT PACKING pc=0x00000222c2829258 sp=0x00000034d05f91c0
Event: 21.466 Thread 0x00000223166a6050 DEOPT UNPACKING pc=0x00000222c1ee7da2 sp=0x00000034d05f9148 mode 2
Event: 21.480 Thread 0x00000223166a6050 Uncommon trap: trap_request=0xffffff45 fr.pc=0x00000222c284d1dc relative=0x00000000000014fc
Event: 21.480 Thread 0x00000223166a6050 Uncommon trap: reason=unstable_if action=reinterpret pc=0x00000222c284d1dc method=org.antlr.v4.runtime.atn.ATNConfigSet.add(Lorg/antlr/v4/runtime/atn/ATNConfig;Lorg/antlr/v4/runtime/misc/DoubleKeyMap;)Z @ 24 c2
Event: 21.480 Thread 0x00000223166a6050 DEOPT PACKING pc=0x00000222c284d1dc sp=0x00000034d05fb7a0
Event: 21.480 Thread 0x00000223166a6050 DEOPT UNPACKING pc=0x00000222c1ee7da2 sp=0x00000034d05fb6c8 mode 2
Event: 21.507 Thread 0x00000223166a6050 Uncommon trap: trap_request=0xffffffde fr.pc=0x00000222c2833564 relative=0x00000000000008e4
Event: 21.507 Thread 0x00000223166a6050 Uncommon trap: reason=class_check action=maybe_recompile pc=0x00000222c2833564 method=org.antlr.v4.runtime.atn.SingletonPredictionContext.equals(Ljava/lang/Object;)Z @ 8 c2
Event: 21.507 Thread 0x00000223166a6050 DEOPT PACKING pc=0x00000222c2833564 sp=0x00000034d05f9fe0
Event: 21.507 Thread 0x00000223166a6050 DEOPT UNPACKING pc=0x00000222c1ee7da2 sp=0x00000034d05f9f40 mode 2
Event: 21.507 Thread 0x00000223166a6050 Uncommon trap: trap_request=0xffffff45 fr.pc=0x00000222c28528a4 relative=0x00000000000018a4
Event: 21.507 Thread 0x00000223166a6050 Uncommon trap: reason=unstable_if action=reinterpret pc=0x00000222c28528a4 method=org.antlr.v4.runtime.atn.PredictionContext.mergeRoot(Lorg/antlr/v4/runtime/atn/SingletonPredictionContext;Lorg/antlr/v4/runtime/atn/SingletonPredictionContext;Z)Lorg/antlr/v
Event: 21.507 Thread 0x00000223166a6050 DEOPT PACKING pc=0x00000222c28528a4 sp=0x00000034d05f9f10
Event: 21.507 Thread 0x00000223166a6050 DEOPT UNPACKING pc=0x00000222c1ee7da2 sp=0x00000034d05f9e78 mode 2
Event: 21.562 Thread 0x00000223166a6050 Uncommon trap: trap_request=0xffffffc6 fr.pc=0x00000222c25b507c relative=0x000000000000055c
Event: 21.562 Thread 0x00000223166a6050 Uncommon trap: reason=bimorphic_or_optimized_type_check action=maybe_recompile pc=0x00000222c25b507c method=java.util.Collections$UnmodifiableCollection.contains(Ljava/lang/Object;)Z @ 5 c2
Event: 21.562 Thread 0x00000223166a6050 DEOPT PACKING pc=0x00000222c25b507c sp=0x00000034d05fc050
Event: 21.562 Thread 0x00000223166a6050 DEOPT UNPACKING pc=0x00000222c1ee7da2 sp=0x00000034d05fbff8 mode 2

Classes loaded (20 events):
Event: 20.850 Loading class java/lang/Package$1PackageInfoProxy
Event: 20.850 Loading class java/lang/Package$1PackageInfoProxy done
Event: 20.875 Loading class java/util/stream/ReduceOps$5
Event: 20.875 Loading class java/util/stream/ReduceOps$5 done
Event: 20.875 Loading class java/util/stream/ReduceOps$CountingSink$OfRef
Event: 20.875 Loading class java/util/stream/ReduceOps$CountingSink
Event: 20.875 Loading class java/util/stream/ReduceOps$CountingSink done
Event: 20.875 Loading class java/util/stream/ReduceOps$CountingSink$OfRef done
Event: 20.962 Loading class java/lang/invoke/WrongMethodTypeException
Event: 20.963 Loading class java/lang/invoke/WrongMethodTypeException done
Event: 20.979 Loading class java/util/regex/Pattern$SliceU
Event: 20.979 Loading class java/util/regex/Pattern$SliceU done
Event: 20.979 Loading class java/util/regex/Pattern$Bound
Event: 20.979 Loading class java/util/regex/Pattern$Bound done
Event: 20.981 Loading class java/util/regex/Pattern$Behind
Event: 20.981 Loading class java/util/regex/Pattern$Behind done
Event: 21.011 Loading class java/util/EmptyStackException
Event: 21.011 Loading class java/util/EmptyStackException done
Event: 21.145 Loading class java/io/InvalidClassException
Event: 21.145 Loading class java/io/InvalidClassException done

Classes unloaded (0 events):
No events

Classes redefined (0 events):
No events

Internal exceptions (20 events):
Event: 13.093 Thread 0x00000223166a6050 Exception <a 'java/lang/NoSuchMethodError'{0x000000074f17c7b0}: 'void java.lang.invoke.DirectMethodHandle$Holder.invokeInterface(java.lang.Object, java.lang.Object, int, java.lang.Object)'> (0x000000074f17c7b0) 
thrown [s\open\src\hotspot\share\interpreter\linkResolver.cpp, line 773]
Event: 13.101 Thread 0x00000223166a6050 Exception <a 'java/lang/NoSuchMethodError'{0x000000074f1a5298}: 'java.lang.Object java.lang.invoke.DirectMethodHandle$Holder.newInvokeSpecial(java.lang.Object, java.lang.Object, int, java.lang.Object)'> (0x000000074f1a5298) 
thrown [s\open\src\hotspot\share\interpreter\linkResolver.cpp, line 773]
Event: 13.101 Thread 0x00000223166a6050 Exception <a 'java/lang/NoSuchMethodError'{0x000000074f1a8c08}: 'java.lang.Object java.lang.invoke.Invokers$Holder.linkToTargetMethod(java.lang.Object, int, java.lang.Object, java.lang.Object)'> (0x000000074f1a8c08) 
thrown [s\open\src\hotspot\share\interpreter\linkResolver.cpp, line 773]
Event: 13.134 Thread 0x00000223166a6050 Exception <a 'java/lang/NoSuchMethodError'{0x000000074ee8e058}: 'void java.lang.invoke.DirectMethodHandle$Holder.invokeSpecial(java.lang.Object, java.lang.Object, java.lang.Object, java.lang.Object, java.lang.Object, java.lang.Object, java.lang.Object, java.lang.Object)'> (0x000000074ee8e058) 
thrown [s\open\src\hotspot\share\interpreter\linkResolver.cpp, line 773]
Event: 13.147 Thread 0x00000223166a6050 Exception <a 'java/lang/NoSuchMethodError'{0x000000074eecf198}: 'void java.lang.invoke.DirectMethodHandle$Holder.invokeSpecial(java.lang.Object, java.lang.Object, int, java.lang.Object)'> (0x000000074eecf198) 
thrown [s\open\src\hotspot\share\interpreter\linkResolver.cpp, line 773]
Event: 13.147 Thread 0x00000223166a6050 Exception <a 'java/lang/NoSuchMethodError'{0x000000074eed54e0}: 'java.lang.Object java.lang.invoke.DirectMethodHandle$Holder.newInvokeSpecial(java.lang.Object, java.lang.Object, int)'> (0x000000074eed54e0) 
thrown [s\open\src\hotspot\share\interpreter\linkResolver.cpp, line 773]
Event: 13.196 Thread 0x00000223166a6050 Exception <a 'java/lang/NoSuchMethodError'{0x0000000748665638}: 'java.lang.Object java.lang.invoke.DirectMethodHandle$Holder.newInvokeSpecial(java.lang.Object, java.lang.Object, java.lang.Object, java.lang.Object, java.lang.Object, int, java.lang.Object)'> (0x0000000748665638) 
thrown [s\open\src\hotspot\share\interpreter\linkResolver.cpp, line 773]
Event: 13.207 Thread 0x00000223166a6050 Exception <a 'java/lang/NoSuchMethodError'{0x00000007486a0548}: 'java.lang.Object java.lang.invoke.Invokers$Holder.linkToTargetMethod(java.lang.Object, java.lang.Object, java.lang.Object, java.lang.Object, java.lang.Object, java.lang.Object, java.lang.Object, java.lang.Object, java.lang.Object, java.lang.Object, java.lang.Object, java.lang.Object)'> (0x00000007486a0548) 
thrown [s\open\src\hotspot\share\interpreter\linkResolver.cpp, line 773]
Event: 13.289 Thread 0x00000223166a6050 Exception <a 'java/lang/IncompatibleClassChangeError'{0x000000074ff6cc70}: Found class java.lang.Object, but interface was expected> (0x000000074ff6cc70) 
thrown [s\open\src\hotspot\share\interpreter\linkResolver.cpp, line 840]
Event: 13.308 Thread 0x00000223166a6050 Exception <a 'java/lang/NoSuchMethodError'{0x000000074fffc388}: 'java.lang.Object java.lang.invoke.DirectMethodHandle$Holder.newInvokeSpecial(java.lang.Object, java.lang.Object, int, java.lang.Object, int, java.lang.Object, java.lang.Object)'> (0x000000074fffc388) 
thrown [s\open\src\hotspot\share\interpreter\linkResolver.cpp, line 773]
Event: 13.318 Thread 0x00000223166a6050 Exception <a 'java/lang/NoSuchMethodError'{0x000000074f456058}: 'java.lang.Object java.lang.invoke.DirectMethodHandle$Holder.newInvokeSpecial(java.lang.Object, java.lang.Object, java.lang.Object, java.lang.Object, java.lang.Object, java.lang.Object, java.lang.Object, int)'> (0x000000074f456058) 
thrown [s\open\src\hotspot\share\interpreter\linkResolver.cpp, line 773]
Event: 13.318 Thread 0x00000223166a6050 Exception <a 'java/lang/NoSuchMethodError'{0x000000074f45a5c8}: 'java.lang.Object java.lang.invoke.DirectMethodHandle$Holder.invokeSpecial(java.lang.Object, java.lang.Object, java.lang.Object, java.lang.Object, java.lang.Object, java.lang.Object, java.lang.Object, java.lang.Object, int)'> (0x000000074f45a5c8) 
thrown [s\open\src\hotspot\share\interpreter\linkResolver.cpp, line 773]
Event: 13.318 Thread 0x00000223166a6050 Exception <a 'java/lang/NoSuchMethodError'{0x000000074f45e5f0}: 'java.lang.Object java.lang.invoke.Invokers$Holder.linkToTargetMethod(java.lang.Object, java.lang.Object, java.lang.Object, java.lang.Object, java.lang.Object, java.lang.Object, int, java.lang.Object)'> (0x000000074f45e5f0) 
thrown [s\open\src\hotspot\share\interpreter\linkResolver.cpp, line 773]
Event: 20.349 Thread 0x00000223166a6050 Exception <a 'java/lang/NoSuchMethodError'{0x000000074eff48c0}: 'java.lang.Object java.lang.invoke.DirectMethodHandle$Holder.invokeSpecial(java.lang.Object, java.lang.Object, int, java.lang.Object, int)'> (0x000000074eff48c0) 
thrown [s\open\src\hotspot\share\interpreter\linkResolver.cpp, line 773]
Event: 20.491 Thread 0x00000223166a6050 Exception <a 'java/lang/NoSuchMethodError'{0x00000007487c75b0}: 'void java.lang.invoke.Invokers$Holder.invokeExact_MT(java.lang.Object, java.lang.Object, java.lang.Object, java.lang.Object)'> (0x00000007487c75b0) 
thrown [s\open\src\hotspot\share\interpreter\linkResolver.cpp, line 773]
Event: 20.521 Thread 0x00000223166a6050 Implicit null exception at 0x00000222c280ac77 to 0x00000222c280aee0
Event: 20.576 Thread 0x00000223166a6050 Implicit null exception at 0x00000222c273fb5c to 0x00000222c2741688
Event: 20.581 Thread 0x00000223166a6050 Exception <a 'java/lang/IncompatibleClassChangeError'{0x0000000747c4c648}: Found class java.lang.Object, but interface was expected> (0x0000000747c4c648) 
thrown [s\open\src\hotspot\share\interpreter\linkResolver.cpp, line 840]
Event: 20.643 Thread 0x00000223166a6050 Exception <a 'java/lang/IncompatibleClassChangeError'{0x0000000747a6cc38}: Found class java.lang.Object, but interface was expected> (0x0000000747a6cc38) 
thrown [s\open\src\hotspot\share\interpreter\linkResolver.cpp, line 840]
Event: 20.832 Thread 0x00000223166a6050 Exception <a 'java/lang/IncompatibleClassChangeError'{0x0000000747509bb0}: Found class java.lang.Object, but interface was expected> (0x0000000747509bb0) 
thrown [s\open\src\hotspot\share\interpreter\linkResolver.cpp, line 840]

ZGC Phase Switch (0 events):
No events

VM Operations (20 events):
Event: 17.564 Executing VM operation: Cleanup done
Event: 19.592 Executing VM operation: Cleanup
Event: 19.592 Executing VM operation: Cleanup done
Event: 20.597 Executing VM operation: Cleanup
Event: 20.597 Executing VM operation: Cleanup done
Event: 20.857 Executing VM operation: HandshakeAllThreads (Deoptimize)
Event: 20.857 Executing VM operation: HandshakeAllThreads (Deoptimize) done
Event: 20.858 Executing VM operation: HandshakeAllThreads (Deoptimize)
Event: 20.858 Executing VM operation: HandshakeAllThreads (Deoptimize) done
Event: 20.954 Executing VM operation: G1CollectForAllocation (G1 Evacuation Pause)
Event: 20.958 Executing VM operation: G1CollectForAllocation (G1 Evacuation Pause) done
Event: 21.156 Executing VM operation: HandshakeAllThreads (Deoptimize)
Event: 21.156 Executing VM operation: HandshakeAllThreads (Deoptimize) done
Event: 21.334 Executing VM operation: ICBufferFull
Event: 21.334 Executing VM operation: ICBufferFull done
Event: 21.404 Executing VM operation: G1CollectForAllocation (G1 Evacuation Pause)
Event: 21.411 Executing VM operation: G1CollectForAllocation (G1 Evacuation Pause) done
Event: 21.473 Executing VM operation: HandshakeAllThreads (Deoptimize)
Event: 21.474 Executing VM operation: HandshakeAllThreads (Deoptimize) done
Event: 21.774 Executing VM operation: G1CollectForAllocation (G1 Evacuation Pause)

Events (20 events):
Event: 13.257 Thread 0x00000222d01675b0 flushing nmethod 0x00000222bb067c90
Event: 13.257 Thread 0x00000222d01675b0 flushing nmethod 0x00000222bb069910
Event: 13.257 Thread 0x00000222d01675b0 flushing nmethod 0x00000222bb06a710
Event: 13.257 Thread 0x00000222d01675b0 flushing nmethod 0x00000222bb0dee10
Event: 13.257 Thread 0x00000222d01675b0 flushing nmethod 0x00000222bb1bc490
Event: 13.257 Thread 0x00000222d01675b0 flushing nmethod 0x00000222bb282590
Event: 13.257 Thread 0x00000222d01675b0 flushing nmethod 0x00000222bb2bf510
Event: 13.257 Thread 0x00000222d01675b0 flushing nmethod 0x00000222bb2c0c10
Event: 13.257 Thread 0x00000222d01675b0 flushing nmethod 0x00000222bb2c1610
Event: 13.257 Thread 0x00000222d01675b0 flushing nmethod 0x00000222bb2c2c10
Event: 13.257 Thread 0x00000222d01675b0 flushing nmethod 0x00000222bb2c3290
Event: 13.257 Thread 0x00000222d01675b0 flushing nmethod 0x00000222bb31e690
Event: 13.257 Thread 0x00000222d01675b0 flushing nmethod 0x00000222bb342890
Event: 13.257 Thread 0x00000222d01675b0 flushing nmethod 0x00000222bb343610
Event: 13.690 Thread 0x0000022319c623d0 Thread exited: 0x0000022319c623d0
Event: 16.304 Thread 0x0000022318d41b20 Thread exited: 0x0000022318d41b20
Event: 20.371 Thread 0x000002231aeaa8a0 Thread added: 0x000002231aeaa8a0
Event: 20.524 Thread 0x0000022316134450 Thread added: 0x0000022316134450
Event: 21.149 Thread 0x0000022316134450 Thread exited: 0x0000022316134450
Event: 21.273 Thread 0x0000022316aedc60 Thread added: 0x0000022316aedc60


Dynamic libraries:
0x00007ff67a750000 - 0x00007ff67a760000 	C:\Program Files\Java\jdk-21\bin\java.exe
0x00007ffd27ba0000 - 0x00007ffd27e06000 	C:\WINDOWS\SYSTEM32\ntdll.dll
0x00007ffd26bf0000 - 0x00007ffd26cb9000 	C:\WINDOWS\System32\KERNEL32.DLL
0x00007ffd25510000 - 0x00007ffd2590a000 	C:\WINDOWS\System32\KERNELBASE.dll
0x00007ffd24fe0000 - 0x00007ffd2512c000 	C:\WINDOWS\System32\ucrtbase.dll
0x00007ffd217d0000 - 0x00007ffd217eb000 	C:\Program Files\Java\jdk-21\bin\VCRUNTIME140.dll
0x00007ffd217a0000 - 0x00007ffd217b9000 	C:\Program Files\Java\jdk-21\bin\jli.dll
0x00007ffd26b20000 - 0x00007ffd26bd6000 	C:\WINDOWS\System32\ADVAPI32.dll
0x00007ffd26850000 - 0x00007ffd268f9000 	C:\WINDOWS\System32\msvcrt.dll
0x00007ffd274d0000 - 0x00007ffd2757a000 	C:\WINDOWS\System32\sechost.dll
0x00007ffd273b0000 - 0x00007ffd274c8000 	C:\WINDOWS\System32\RPCRT4.dll
0x00007ffd27760000 - 0x00007ffd27927000 	C:\WINDOWS\System32\USER32.dll
0x00007ffd24fb0000 - 0x00007ffd24fd7000 	C:\WINDOWS\System32\win32u.dll
0x00007ffd26af0000 - 0x00007ffd26b1b000 	C:\WINDOWS\System32\GDI32.dll
0x00007ffd04690000 - 0x00007ffd04922000 	C:\WINDOWS\WinSxS\amd64_microsoft.windows.common-controls_6595b64144ccf1df_6.0.26100.8521_none_3e08b75ce33403b3\COMCTL32.dll
0x00007ffd25130000 - 0x00007ffd2525b000 	C:\WINDOWS\System32\gdi32full.dll
0x00007ffd25310000 - 0x00007ffd253b3000 	C:\WINDOWS\System32\msvcp_win.dll
0x00007ffd12730000 - 0x00007ffd1273b000 	C:\WINDOWS\SYSTEM32\VERSION.dll
0x00007ffd26710000 - 0x00007ffd26742000 	C:\WINDOWS\System32\IMM32.DLL
0x00007ffd214c0000 - 0x00007ffd214cc000 	C:\Program Files\Java\jdk-21\bin\vcruntime140_1.dll
0x00007ffcda620000 - 0x00007ffcda6ae000 	C:\Program Files\Java\jdk-21\bin\msvcp140.dll
0x00007ffc724c0000 - 0x00007ffc731da000 	C:\Program Files\Java\jdk-21\bin\server\jvm.dll
0x00007ffd27320000 - 0x00007ffd273a0000 	C:\WINDOWS\System32\WS2_32.dll
0x00007ffd24c90000 - 0x00007ffd24cee000 	C:\WINDOWS\SYSTEM32\POWRPROF.dll
0x00007ffd19630000 - 0x00007ffd19666000 	C:\WINDOWS\SYSTEM32\WINMM.dll
0x00007ffd24c70000 - 0x00007ffd24c84000 	C:\WINDOWS\SYSTEM32\UMPDC.dll
0x00007ffd23bc0000 - 0x00007ffd23bdb000 	C:\WINDOWS\SYSTEM32\kernel.appcore.dll
0x00007ffd214b0000 - 0x00007ffd214ba000 	C:\Program Files\Java\jdk-21\bin\jimage.dll
0x00007ffd21f40000 - 0x00007ffd22182000 	C:\WINDOWS\SYSTEM32\DBGHELP.DLL
0x00007ffd26380000 - 0x00007ffd26703000 	C:\WINDOWS\System32\combase.dll
0x00007ffd26a10000 - 0x00007ffd26ae9000 	C:\WINDOWS\System32\OLEAUT32.dll
0x00007ffce7f70000 - 0x00007ffce7fab000 	C:\WINDOWS\SYSTEM32\dbgcore.DLL
0x00007ffd25260000 - 0x00007ffd25308000 	C:\WINDOWS\System32\bcryptPrimitives.dll
0x00007ffd1bce0000 - 0x00007ffd1bcef000 	C:\Program Files\Java\jdk-21\bin\instrument.dll
0x00007ffd12ea0000 - 0x00007ffd12ebf000 	C:\Program Files\Java\jdk-21\bin\java.dll
0x00007ffd25a60000 - 0x00007ffd261e4000 	C:\WINDOWS\System32\SHELL32.dll
0x00007ffd229c0000 - 0x00007ffd23240000 	C:\WINDOWS\SYSTEM32\windows.storage.dll
0x00007ffd26750000 - 0x00007ffd26846000 	C:\WINDOWS\System32\SHCORE.dll
0x00007ffd27150000 - 0x00007ffd271b7000 	C:\WINDOWS\System32\shlwapi.dll
0x00007ffd24d50000 - 0x00007ffd24d79000 	C:\WINDOWS\SYSTEM32\profapi.dll
0x00007ffcda540000 - 0x00007ffcda617000 	C:\Program Files\Java\jdk-21\bin\jsvml.dll
0x00007ffd12b90000 - 0x00007ffd12ba8000 	C:\Program Files\Java\jdk-21\bin\zip.dll
0x00007ffd1bcd0000 - 0x00007ffd1bce0000 	C:\Program Files\Java\jdk-21\bin\net.dll
0x00007ffd18ce0000 - 0x00007ffd18e09000 	C:\WINDOWS\SYSTEM32\WINHTTP.dll
0x00007ffd24130000 - 0x00007ffd2419c000 	C:\WINDOWS\system32\mswsock.dll
0x00007ffd12e80000 - 0x00007ffd12e96000 	C:\Program Files\Java\jdk-21\bin\nio.dll
0x00007ffd1bc70000 - 0x00007ffd1bc79000 	C:\Program Files\Java\jdk-21\bin\extnet.dll
0x00007ffd12de0000 - 0x00007ffd12df0000 	C:\Program Files\Java\jdk-21\bin\verify.dll
0x00007ffd12b80000 - 0x00007ffd12b8a000 	C:\Program Files\Java\jdk-21\bin\management.dll
0x00007ffd124b0000 - 0x00007ffd124bb000 	C:\Program Files\Java\jdk-21\bin\management_ext.dll
0x00007ffd26a00000 - 0x00007ffd26a08000 	C:\WINDOWS\System32\PSAPI.DLL
0x00007ffd12d50000 - 0x00007ffd12d5e000 	C:\Program Files\Java\jdk-21\bin\sunmscapi.dll
0x00007ffd24e30000 - 0x00007ffd24fa8000 	C:\WINDOWS\System32\CRYPT32.dll
0x00007ffd24630000 - 0x00007ffd24660000 	C:\WINDOWS\SYSTEM32\ncrypt.dll
0x00007ffd245e0000 - 0x00007ffd2461f000 	C:\WINDOWS\SYSTEM32\NTASN1.dll
0x00007ffd24410000 - 0x00007ffd2442b000 	C:\WINDOWS\SYSTEM32\CRYPTSP.dll
0x00007ffd23b20000 - 0x00007ffd23b59000 	C:\WINDOWS\system32\rsaenh.dll
0x00007ffd241e0000 - 0x00007ffd24213000 	C:\WINDOWS\SYSTEM32\USERENV.dll
0x00007ffd24d20000 - 0x00007ffd24d4a000 	C:\WINDOWS\SYSTEM32\bcrypt.dll
0x00007ffd24430000 - 0x00007ffd2443c000 	C:\WINDOWS\SYSTEM32\CRYPTBASE.dll
0x00007ffd235d0000 - 0x00007ffd23603000 	C:\WINDOWS\SYSTEM32\IPHLPAPI.DLL
0x00007ffd26be0000 - 0x00007ffd26bea000 	C:\WINDOWS\System32\NSI.dll
0x00007ffd23670000 - 0x00007ffd237ba000 	C:\WINDOWS\SYSTEM32\DNSAPI.dll
0x00007ffd23f50000 - 0x00007ffd23f5d000 	C:\WINDOWS\SYSTEM32\DSPARSE.dll
0x00007ffd12a20000 - 0x00007ffd12a2b000 	C:\Windows\System32\rasadhlp.dll
0x00007ffd19580000 - 0x00007ffd19606000 	C:\WINDOWS\System32\fwpuclnt.dll

dbghelp: loaded successfully - version: 4.0.5 - missing functions: none
symbol engine: initialized successfully - sym options: 0x614 - pdb path: .;C:\Program Files\Java\jdk-21\bin;C:\WINDOWS\SYSTEM32;C:\WINDOWS\WinSxS\amd64_microsoft.windows.common-controls_6595b64144ccf1df_6.0.26100.8521_none_3e08b75ce33403b3;C:\Program Files\Java\jdk-21\bin\server

VM Arguments:
jvm_args: -javaagent:C:\Program Files\JetBrains\IntelliJ IDEA 2025.2.2\lib\idea_rt.jar=52927 -Dfile.encoding=UTF-8 -Dsun.stdout.encoding=UTF-8 -Dsun.stderr.encoding=UTF-8 
java_command: com.fileupload.fileproject.FileprojectApplication
java_class_path (initial): D:\IntelliJ_Project\fileupload-backend\target\classes;C:\Users\Dell\.m2\repository\org\springframework\boot\spring-boot-starter-web\3.5.6\spring-boot-starter-web-3.5.6.jar;C:\Users\Dell\.m2\repository\org\springframework\boot\spring-boot-starter\3.5.6\spring-boot-starter-3.5.6.jar;C:\Users\Dell\.m2\repository\org\springframework\boot\spring-boot-starter-logging\3.5.6\spring-boot-starter-logging-3.5.6.jar;C:\Users\Dell\.m2\repository\ch\qos\logback\logback-classic\1.5.18\logback-classic-1.5.18.jar;C:\Users\Dell\.m2\repository\ch\qos\logback\logback-core\1.5.18\logback-core-1.5.18.jar;C:\Users\Dell\.m2\repository\org\apache\logging\log4j\log4j-to-slf4j\2.24.3\log4j-to-slf4j-2.24.3.jar;C:\Users\Dell\.m2\repository\org\apache\logging\log4j\log4j-api\2.24.3\log4j-api-2.24.3.jar;C:\Users\Dell\.m2\repository\org\slf4j\jul-to-slf4j\2.0.17\jul-to-slf4j-2.0.17.jar;C:\Users\Dell\.m2\repository\jakarta\annotation\jakarta.annotation-api\2.1.1\jakarta.annotation-api-2.1.1.jar;C:\Users\Dell\.m2\repository\org\yaml\snakeyaml\2.4\snakeyaml-2.4.jar;C:\Users\Dell\.m2\repository\org\springframework\boot\spring-boot-starter-json\3.5.6\spring-boot-starter-json-3.5.6.jar;C:\Users\Dell\.m2\repository\com\fasterxml\jackson\datatype\jackson-datatype-jdk8\2.19.2\jackson-datatype-jdk8-2.19.2.jar;C:\Users\Dell\.m2\repository\com\fasterxml\jackson\datatype\jackson-datatype-jsr310\2.19.2\jackson-datatype-jsr310-2.19.2.jar;C:\Users\Dell\.m2\repository\com\fasterxml\jackson\module\jackson-module-parameter-names\2.19.2\jackson-module-parameter-names-2.19.2.jar;C:\Users\Dell\.m2\repository\org\springframework\boot\spring-boot-starter-tomcat\3.5.6\spring-boot-starter-tomcat-3.5.6.jar;C:\Users\Dell\.m2\repository\org\apache\tomcat\embed\tomcat-embed-core\10.1.46\tomcat-embed-core-10.1.46.jar;C:\Users\Dell\.m2\repository\org\apache\tomcat\embed\tomcat-embed-el\10.1.46\tomcat-embed-el-10.1.46.jar;C:\Users\Dell\.m2\repository\org\apache\tomcat\embed\tomcat-embed-websocket\10.1.46\tomcat-embed-websocket-10.1.46.jar;C:\Users\Dell\.m2\repository\org\springframework\spring-web\6.2.11\spring-web-6.2.11.jar;C:\Users\Dell\.m2\repository\io\micrometer\micrometer-observation\1.15.4\micrometer-observation-1.15.4.jar;C:\Users\Dell\.m2\repository\io\micrometer\micrometer-commons\1.15.4\micrometer-commons-1.15.4.jar;C:\Users\Dell\.m2\repository\org\springframework\spring-webmvc\6.2.11\spring-webmvc-6.2.11.jar;C:\Users\Dell\.m2\repository\org\springframework\spring-context\6.2.11\spring-context-6.2.11.jar;C:\Users\Dell\.m2\repository\org\springframework\spring-expression\6.2.11\spring-expression-6.2.11.jar;C:\Users\Dell\.m2\repository\io\minio\minio\8.6.0\minio-8.6.0.jar;C:\Users\Dell\.m2\repository\com\carrotsearch\thirdparty\simple-xml-safe\2.7.1\simple-xml-safe-2.7.1.jar;C:\Users\Dell\.m2\repository\com\google\guava\guava\33.4.8-jre\guava-33.4.8-jre.jar;C:\Users\Dell\.m2\repository\com\google\guava\failureaccess\1.0.3\failureaccess-1.0.3.jar;C:\Users\Dell\.m2\repository\com\google\guava\listenablefuture\9999.0-empty-to-avoid-conflict-with-guava\listenablefuture-9999.0-empty-to-avoid-conflict-with-guava.jar;C:\Users\Dell\.m2\repository\org\jspecify\jspecify\1.0.0\jspecify-1.0.0.jar;C:\Users\Dell\.m2\repository\com\google\errorprone\error_prone_annotations\2.36.0\error_prone_annotations-2.36.0.jar;C:\Users\Dell\.m2\repository\com\google\j2objc\j2objc-annotations\3.0.0\j2objc-annotations-3.0.0.jar;C:\Users\Dell\.m2\repository\com\fasterxml\jackson\core\jackson-annotations\2.19.2\jackson-annotations-2.19.2.jar;C:\Users\Dell\.m2\repository\com\fasterxml\jackson\core\jackson-core\2.19.2\jackson-core-2.19.2.jar;C:\Users\Dell\.m2\repository\com\fasterxml\jackson\core\jackson-databind\2.19.2\jackson-databind-2.19.2.jar;C:\Users\Dell\.m2\repository\org\bouncycastle\bcprov-jdk18on\1.81\bcprov-jdk18on-1.81.jar;C:\Users\Dell\.m2\repository\org\apache\commons\commons-compress\1.28.0\commons-compress-1.28.0.jar;C:\Users\Dell\.m2\repository\commons-io\commons-io\2.20.0\commons-io-2.20.0.jar;C:\Users\Dell\.m2\repository\org\apache\commons\commons-lang3\3.17.0\commons-lang3-3.17.0.jar;C:\Users\Dell\.m2\repository\commons-codec\commons-codec\1.18.0\commons-codec-1.18.0.jar;C:\Users\Dell\.m2\repository\org\xerial\snappy\snappy-java\1.1.10.7\snappy-java-1.1.10.7.jar;C:\Users\Dell\.m2\repository\com\squareup\okhttp3\okhttp\4.12.0\okhttp-4.12.0.jar;C:\Users\Dell\.m2\repository\com\squareup\okio\okio\3.6.0\okio-3.6.0.jar;C:\Users\Dell\.m2\repository\com\squareup\okio\okio-jvm\3.6.0\okio-jvm-3.6.0.jar;C:\Users\Dell\.m2\repository\org\jetbrains\kotlin\kotlin-stdlib-common\1.9.25\kotlin-stdlib-common-1.9.25.jar;C:\Users\Dell\.m2\repository\org\jetbrains\kotlin\kotlin-stdlib-jdk8\1.9.25\kotlin-stdlib-jdk8-1.9.25.jar;C:\Users\Dell\.m2\repository\org\jetbrains\kotlin\kotlin-stdlib\1.9.25\kotlin-stdlib-1.9.25.jar;C:\Users\Dell\.m2\repository\org\jetbrains\annotations\13.0\annotations-13.0.jar;C:\Users\Dell\.m2\repository\org\jetbrains\kotlin\kotlin-stdlib-jdk7\1.9.25\kotlin-stdlib-jdk7-1.9.25.jar;C:\Users\Dell\.m2\repository\com\amazonaws\aws-java-sdk-s3\1.12.630\aws-java-sdk-s3-1.12.630.jar;C:\Users\Dell\.m2\repository\com\amazonaws\aws-java-sdk-kms\1.12.630\aws-java-sdk-kms-1.12.630.jar;C:\Users\Dell\.m2\repository\com\amazonaws\aws-java-sdk-core\1.12.630\aws-java-sdk-core-1.12.630.jar;C:\Users\Dell\.m2\repository\commons-logging\commons-logging\1.1.3\commons-logging-1.1.3.jar;C:\Users\Dell\.m2\repository\org\apache\httpcomponents\httpclient\4.5.13\httpclient-4.5.13.jar;C:\Users\Dell\.m2\repository\org\apache\httpcomponents\httpcore\4.4.16\httpcore-4.4.16.jar;C:\Users\Dell\.m2\repository\software\amazon\ion\ion-java\1.0.2\ion-java-1.0.2.jar;C:\Users\Dell\.m2\repository\com\fasterxml\jackson\dataformat\jackson-dataformat-cbor\2.19.2\jackson-dataformat-cbor-2.19.2.jar;C:\Users\Dell\.m2\repository\joda-time\joda-time\2.8.1\joda-time-2.8.1.jar;C:\Users\Dell\.m2\repository\com\amazonaws\jmespath-java\1.12.630\jmespath-java-1.12.630.jar;C:\Users\Dell\.m2\repository\jakarta\xml\bind\jakarta.xml.bind-api\4.0.2\jakarta.xml.bind-api-4.0.2.jar;C:\Users\Dell\.m2\repository\jakarta\activation\jakarta.activation-api\2.1.4\jakarta.activation-api-2.1.4.jar;C:\Users\Dell\.m2\repository\net\minidev\json-smart\2.5.2\json-smart-2.5.2.jar;C:\Users\Dell\.m2\repository\net\minidev\accessors-smart\2.5.2\accessors-smart-2.5.2.jar;C:\Users\Dell\.m2\repository\org\ow2\asm\asm\9.7.1\asm-9.7.1.jar;C:\Users\Dell\.m2\repository\net\bytebuddy\byte-buddy\1.17.7\byte-buddy-1.17.7.jar;C:\Users\Dell\.m2\repository\org\springframework\spring-core\6.2.11\spring-core-6.2.11.jar;C:\Users\Dell\.m2\repository\org\springframework\spring-jcl\6.2.11\spring-jcl-6.2.11.jar;C:\Users\Dell\.m2\repository\org\springframework\security\spring-security-core\6.5.5\spring-security-core-6.5.5.jar;C:\Users\Dell\.m2\repository\org\springframework\security\spring-security-crypto\6.5.5\spring-security-crypto-6.5.5.jar;C:\Users\Dell\.m2\repository\org\springframework\security\spring-security-web\6.5.5\spring-security-web-6.5.5.jar;C:\Users\Dell\.m2\repository\org\slf4j\slf4j-api\2.0.17\slf4j-api-2.0.17.jar;C:\Users\Dell\.m2\repository\org\springframework\boot\spring-boot-devtools\3.5.6\spring-boot-devtools-3.5.6.jar;C:\Users\Dell\.m2\repository\org\springframework\boot\spring-boot\3.5.6\spring-boot-3.5.6.jar;C:\Users\Dell\.m2\repository\org\springframework\boot\spring-boot-autoconfigure\3.5.6\spring-boot-autoconfigure-3.5.6.jar;C:\Users\Dell\.m2\repository\com\mysql\mysql-connector-j\9.4.0\mysql-connector-j-9.4.0.jar;C:\Users\Dell\.m2\repository\org\springframework\boot\spring-boot-starter-data-jpa\3.5.6\spring-boot-starter-data-jpa-3.5.6.jar;C:\Users\Dell\.m2\repository\org\springframework\boot\spring-boot-starter-jdbc\3.5.6\spring-boot-starter-jdbc-3.5.6.jar;C:\Users\Dell\.m2\repository\com\zaxxer\HikariCP\6.3.3\HikariCP-6.3.3.jar;C:\Users\Dell\.m2\repository\org\springframework\spring-jdbc\6.2.11\spring-jdbc-6.2.11.jar;C:\Users\Dell\.m2\repository\org\hibernate\orm\hibernate-core\6.6.29.Final\hibernate-core-6.6.29.Final.jar;C:\Users\Dell\.m2\repository\jakarta\persistence\jakarta.persistence-api\3.1.0\jakarta.persistence-api-3.1.0.jar;C:\Users\Dell\.m2\repository\jakarta\transaction\jakarta.transaction-api\2.0.1\jakarta.transaction-api-2.0.1.jar;C:\Users\Dell\.m2\repository\org\jboss\logging\jboss-logging\3.6.1.Final\jboss-logging-3.6.1.Final.jar;C:\Users\Dell\.m2\repository\org\hibernate\common\hibernate-commons-annotations\7.0.3.Final\hibernate-commons-annotations-7.0.3.Final.jar;C:\Users\Dell\.m2\repository\io\smallrye\jandex\3.2.0\jandex-3.2.0.jar;C:\Users\Dell\.m2\repository\com\fasterxml\classmate\1.7.0\classmate-1.7.0.jar;C:\Users\Dell\.m2\repository\org\glassfish\jaxb\jaxb-runtime\4.0.5\jaxb-runtime-4.0.5.jar;C:\Users\Dell\.m2\repository\org\glassfish\jaxb\jaxb-core\4.0.5\jaxb-core-4.0.5.jar;C:\Users\Dell\.m2\repository\org\eclipse\angus\angus-activation\2.0.2\angus-activation-2.0.2.jar;C:\Users\Dell\.m2\repository\org\glassfish\jaxb\txw2\4.0.5\txw2-4.0.5.jar;C:\Users\Dell\.m2\repository\com\sun\istack\istack-commons-runtime\4.1.2\istack-commons-runtime-4.1.2.jar;C:\Users\Dell\.m2\repository\jakarta\inject\jakarta.inject-api\2.0.1\jakarta.inject-api-2.0.1.jar;C:\Users\Dell\.m2\repository\org\antlr\antlr4-runtime\4.13.0\antlr4-runtime-4.13.0.jar;C:\Users\Dell\.m2\repository\org\springframework\data\spring-data-jpa\3.5.4\spring-data-jpa-3.5.4.jar;C:\Users\Dell\.m2\repository\org\springframework\data\spring-data-commons\3.5.4\spring-data-commons-3.5.4.jar;C:\Users\Dell\.m2\repository\org\springframework\spring-orm\6.2.11\spring-orm-6.2.11.jar;C:\Users\Dell\.m2\repository\org\springframework\spring-tx\6.2.11\spring-tx-6.2.11.jar;C:\Users\Dell\.m2\repository\org\springframework\spring-aspects\6.2.11\spring-aspects-6.2.11.jar;C:\Users\Dell\.m2\repository\org\aspectj\aspectjweaver\1.9.24\aspectjweaver-1.9.24.jar;C:\Users\Dell\.m2\repository\org\projectlombok\lombok\1.18.42\lombok-1.18.42.jar;C:\Users\Dell\.m2\repository\org\springframework\boot\spring-boot-starter-oauth2-client\3.5.6\spring-boot-starter-oauth2-client-3.5.6.jar;C:\Users\Dell\.m2\repository\org\springframework\security\spring-security-config\6.5.5\spring-security-config-6.5.5.jar;C:\Users\Dell\.m2\repository\org\springframework\security\spring-security-oauth2-client\6.5.5\spring-security-oauth2-client-6.5.5.jar;C:\Users\Dell\.m2\repository\org\springframework\security\spring-security-oauth2-core\6.5.5\spring-security-oauth2-core-6.5.5.jar;C:\Users\Dell\.m2\repository\com\nimbusds\oauth2-oidc-sdk\9.43.6\oauth2-oidc-sdk-9.43.6.jar;C:\Users\Dell\.m2\repository\com\github\stephenc\jcip\jcip-annotations\1.0-1\jcip-annotations-1.0-1.jar;C:\Users\Dell\.m2\repository\com\nimbusds\content-type\2.2\content-type-2.2.jar;C:\Users\Dell\.m2\repository\com\nimbusds\lang-tag\1.7\lang-tag-1.7.jar;C:\Users\Dell\.m2\repository\org\springframework\security\spring-security-oauth2-jose\6.5.5\spring-security-oauth2-jose-6.5.5.jar;C:\Users\Dell\.m2\repository\com\nimbusds\nimbus-jose-jwt\9.37.4\nimbus-jose-jwt-9.37.4.jar;C:\Users\Dell\.m2\repository\org\springframework\boot\spring-boot-starter-security\3.5.6\spring-boot-starter-security-3.5.6.jar;C:\Users\Dell\.m2\repository\org\springframework\spring-aop\6.2.11\spring-aop-6.2.11.jar;C:\Users\Dell\.m2\repository\io\jsonwebtoken\jjwt\0.12.6\jjwt-0.12.6.jar;C:\Users\Dell\.m2\repository\io\jsonwebtoken\jjwt-api\0.12.6\jjwt-api-0.12.6.jar;C:\Users\Dell\.m2\repository\io\jsonwebtoken\jjwt-impl\0.12.6\jjwt-impl-0.12.6.jar;C:\Users\Dell\.m2\repository\io\jsonwebtoken\jjwt-jackson\0.12.6\jjwt-jackson-0.12.6.jar;C:\Users\Dell\.m2\repository\org\springframework\spring-webflux\6.2.7\spring-webflux-6.2.7.jar;C:\Users\Dell\.m2\repository\org\springframework\spring-beans\6.2.11\spring-beans-6.2.11.jar;C:\Users\Dell\.m2\repository\io\projectreactor\reactor-core\3.7.11\reactor-core-3.7.11.jar;C:\Users\Dell\.m2\repository\org\reactivestreams\reactive-streams\1.0.4\reactive-streams-1.0.4.jar
Launcher Type: SUN_STANDARD

[Global flags]
     intx CICompilerCount                          = 4                                         {product} {ergonomic}
     uint ConcGCThreads                            = 2                                         {product} {ergonomic}
     uint G1ConcRefinementThreads                  = 8                                         {product} {ergonomic}
   size_t G1HeapRegionSize                         = 2097152                                   {product} {ergonomic}
    uintx GCDrainStackTargetSize                   = 64                                        {product} {ergonomic}
   size_t InitialHeapSize                          = 197132288                                 {product} {ergonomic}
   size_t MarkStackSize                            = 4194304                                   {product} {ergonomic}
   size_t MaxHeapSize                              = 3149922304                                {product} {ergonomic}
   size_t MaxNewSize                               = 1889533952                                {product} {ergonomic}
   size_t MinHeapDeltaBytes                        = 2097152                                   {product} {ergonomic}
   size_t MinHeapSize                              = 8388608                                   {product} {ergonomic}
    uintx NonNMethodCodeHeapSize                   = 5839372                                {pd product} {ergonomic}
    uintx NonProfiledCodeHeapSize                  = 122909434                              {pd product} {ergonomic}
    uintx ProfiledCodeHeapSize                     = 122909434                              {pd product} {ergonomic}
    uintx ReservedCodeCacheSize                    = 251658240                              {pd product} {ergonomic}
     bool SegmentedCodeCache                       = true                                      {product} {ergonomic}
   size_t SoftMaxHeapSize                          = 3149922304                             {manageable} {ergonomic}
     bool UseCompressedOops                        = true                           {product lp64_product} {ergonomic}
     bool UseG1GC                                  = true                                      {product} {ergonomic}
     bool UseLargePagesIndividualAllocation        = false                                  {pd product} {ergonomic}

Logging:
Log output configuration:
 #0: stdout all=warning uptime,level,tags foldmultilines=false
 #1: stderr all=off uptime,level,tags foldmultilines=false

Environment Variables:
PATH=C:\Program Files\Common Files\Oracle\Java\javapath;C:\Program Files (x86)\Common Files\Oracle\Java\javapath;C:\Users\Dell\Scripts\;C:\Users\Dell\;C:\WINDOWS\system32;C:\WINDOWS;C:\WINDOWS\System32\Wbem;C:\WINDOWS\System32\WindowsPowerShell\v1.0\;C:\WINDOWS\System32\OpenSSH\;C:\MinGW\bin;C:\Program Files\Microsoft SQL Server\Client SDK\ODBC\170\Tools\Binn\;C:\Program Files (x86)\Microsoft SQL Server\150\Tools\Binn\;C:\Program Files\Microsoft SQL Server\150\Tools\Binn\;C:\Program Files\Microsoft SQL Server\150\DTS\Binn\;C:\Program Files (x86)\Microsoft SQL Server\150\DTS\Binn\;C:\Program Files\dotnet\;C:\Program Files\Azure Data Studio\bin;C:\Users\Dell\AppData\Local\Programs\Python\Python312\Scripts\;C:\Users\Dell\AppData\Local\Programs\Python\Python312;C:\Program Files\MySQL\MySQL Server 8.0\bin;C:\Program Files\Java\jdk-21\bin;C:\Program Files\nodejs\;C:\Program Files\Git\cmd;D:\;;C:\Program Files\Docker\Docker\resources\bin;C:\Users\Dell\AppData\Local\Programs\Python\Python312\Scripts\;C:\Users\Dell\AppData\Local\Programs\Python\Python312\;C:\Program Files\MySQL\MySQL Shell 8.0\bin\;C:\Users\Dell\AppData\Local\Programs\Microsoft VS Code\bin;C:\Users\Dell\AppData\Local\Microsoft\WindowsApps;C:\Program Files\Azure Data Studio\bin;C:\Users\Dell\.fly\bin;C:\Users\Dell\AppData\Local\Microsoft\WindowsApps;C:\Users\Dell\AppData\Roaming\npm;C:\Program Files\JetBrains\IntelliJ IDEA 2025.2.2\bin
USERNAME=Dell
OS=Windows_NT
PROCESSOR_IDENTIFIER=Intel64 Family 6 Model 140 Stepping 1, GenuineIntel
TMP=C:\Users\Dell\AppData\Local\Temp
TEMP=C:\Users\Dell\AppData\Local\Temp




Periodic native trim disabled

---------------  S Y S T E M  ---------------

OS:
 Windows 11 , 64 bit Build 26100 (10.0.26100.8521)
OS uptime: 10 days 0:58 hours
Hyper-V role detected

CPU: total 8 (initial active 8) (4 cores per cpu, 2 threads per core) family 6 model 140 stepping 1 microcode 0xbe, cx8, cmov, fxsr, ht, mmx, 3dnowpref, sse, sse2, sse3, ssse3, sse4.1, sse4.2, popcnt, lzcnt, tsc, tscinvbit, avx, avx2, aes, erms, clmul, bmi1, bmi2, adx, avx512f, avx512dq, avx512cd, avx512bw, avx512vl, sha, fma, vzeroupper, avx512_vpopcntdq, avx512_vpclmulqdq, avx512_vaes, avx512_vnni, clflush, clflushopt, clwb, avx512_vbmi2, avx512_vbmi, hv, rdtscp, rdpid, fsrm, gfni, avx512_bitalg, f16c, cet_ibt, cet_ss, avx512_ifma
Processor Information for all 8 processors :
  Max Mhz: 2419, Current Mhz: 2419, Mhz Limit: 2419

Memory: 4k page, system-wide physical 12010M (735M free)
TotalPageFile size 33798M (AvailPageFile size 6M)
current process WorkingSet (physical memory assigned to process): 281M, peak: 285M
current process commit charge ("private bytes"): 313M, peak: 330M

vm_info: Java HotSpot(TM) 64-Bit Server VM (21.0.6+8-LTS-188) for windows-amd64 JRE (21.0.6+8-LTS-188), built on 2024-12-03T10:50:54Z by "mach5one" with MS VC++ 17.6 (VS2022)

END.
